*******************************************************************
* Genome-wide Complex Trait Analysis (GCTA)
* version v1.94.1 Linux
* Built at Nov 15 2022 21:14:25, by GCC 8.5
* (C) 2010-present, Yang Lab, Westlake University
* Please report bugs to Jian Yang <jian.yang@westlake.edu.cn>
*******************************************************************
Analysis started at 17:51:30 BST on Thu Sep 24 2026.
Hostname: cpu-q-612

Accepted options:
--reml
--grm /home/rajd2/rds/hpc-work/abcd_development/legacy/hpc/work/results/grm_imp_pooled/abcd_imp.pcair
--pheno /home/rajd2/rds/hpc-work/abcd_development/ahba_pls/h4_projection/work/pheno_h4_fidiid.txt
--mpheno 4
--qcovar /home/rajd2/rds/hpc-work/abcd_development/genetic_analysis/work/pheno_70tab_hcp_fidiid/covar_quant.txt
--covar /home/rajd2/rds/hpc-work/abcd_development/genetic_analysis/work/pheno_70tab_hcp_fidiid/covar_categorical.txt
--thread-num 8
--out /home/rajd2/rds/hpc-work/abcd_development/ahba_pls/h4_projection/results/reml/slope_projPLS2

Note: the program will be running on 8 threads.

Reading IDs of the GRM from [/home/rajd2/rds/hpc-work/abcd_development/legacy/hpc/work/results/grm_imp_pooled/abcd_imp.pcair.grm.id].
8178 IDs are read from [/home/rajd2/rds/hpc-work/abcd_development/legacy/hpc/work/results/grm_imp_pooled/abcd_imp.pcair.grm.id].
Reading the GRM from [/home/rajd2/rds/hpc-work/abcd_development/legacy/hpc/work/results/grm_imp_pooled/abcd_imp.pcair.grm.bin].
GRM for 8178 individuals are included from [/home/rajd2/rds/hpc-work/abcd_development/legacy/hpc/work/results/grm_imp_pooled/abcd_imp.pcair.grm.bin].
Reading phenotypes from [/home/rajd2/rds/hpc-work/abcd_development/ahba_pls/h4_projection/work/pheno_h4_fidiid.txt].
There are 6 traits specified in the file [/home/rajd2/rds/hpc-work/abcd_development/ahba_pls/h4_projection/work/pheno_h4_fidiid.txt].
Trait #4 is included for analysis.
Non-missing phenotypes of 8597 individuals are included from [/home/rajd2/rds/hpc-work/abcd_development/ahba_pls/h4_projection/work/pheno_h4_fidiid.txt].
Reading quantitative covariate(s) from [/home/rajd2/rds/hpc-work/abcd_development/genetic_analysis/work/pheno_70tab_hcp_fidiid/covar_quant.txt].
12 quantitative covariate(s) of 8597 individuals are included from [/home/rajd2/rds/hpc-work/abcd_development/genetic_analysis/work/pheno_70tab_hcp_fidiid/covar_quant.txt].
Reading discrete covariate(s) from [/home/rajd2/rds/hpc-work/abcd_development/genetic_analysis/work/pheno_70tab_hcp_fidiid/covar_categorical.txt].
2 discrete covariate(s) of 8597 individuals are included from [/home/rajd2/rds/hpc-work/abcd_development/genetic_analysis/work/pheno_70tab_hcp_fidiid/covar_categorical.txt].

12 quantitative variable(s) included as covariate(s).
2 discrete variable(s) included as covariate(s).
6011 individuals are in common in these files.

Performing  REML analysis ... (Note: may take hours depending on sample size).
6011 observations, 32 fixed effect(s), and 2 variance component(s)(including residual variance).
Calculating prior values of variance components by EM-REML ...
Updated prior values: 150245 154658
logL: -40696.9
Running AI-REML algorithm ...
Iter.	logL	V(G)	V(e)	
1	-40694.53	114412.87063	185299.20714	
2	-40680.17	92267.33729	205127.25801	
3	-40673.94	78178.55539	218151.36986	
4	-40671.20	69042.33489	226786.44024	
5	-40669.98	63043.59106	232544.37490	
6	-40669.44	59072.88519	236397.39074	
7	-40669.19	50711.37142	244574.64248	
8	-40668.99	51088.63538	244271.45986	
9	-40668.99	51075.45120	244283.55064	
10	-40668.99	51075.93259	244283.11227	
Log-likelihood ratio converged.

Calculating the logLikelihood for the reduced model ...
(variance component 1 is dropped from the model)
Calculating prior values of variance components by EM-REML ...
Updated prior values: 292432.02334
logL: -40678.63317
Running AI-REML algorithm ...
Iter.	logL	V(e)	
1	-40677.63	292419.08482	
2	-40677.63	292391.08172	
Log-likelihood ratio converged.

Summary result of REML analysis:
Source	Variance	SE
V(G)	51075.932586	13240.112600
V(e)	244283.112265	12832.563949
Vp	295359.044851	5528.784603
V(G)/Vp	0.172928	0.044026

Sampling variance/covariance of the estimates of variance components:
1.753006e+08	-1.547039e+08	
-1.547039e+08	1.646747e+08	

Summary result of REML analysis has been saved in the file [/home/rajd2/rds/hpc-work/abcd_development/ahba_pls/h4_projection/results/reml/slope_projPLS2.hsq].

Analysis finished at 17:51:43 BST on Thu Sep 24 2026
Overall computational time: 12.49 sec.
